C:\Users\ts w10\git\xx\springboot\src\main\java\curso\springboot\model\Profissao.java
C:\Users\ts w10\git\xx\springboot\src\main\java\curso\springboot\repository\PessoaRepository.java
C:\Users\ts w10\git\xx\springboot\src\main\java\curso\springboot\model\Cargo.java
C:\Users\ts w10\git\xx\springboot\src\main\java\curso\springboot\springboot\WebMvcConfig.java
C:\Users\ts w10\git\xx\springboot\src\main\java\curso\springboot\model\Pessoa.java
C:\Users\ts w10\git\xx\springboot\src\main\java\curso\springboot\model\Role.java
C:\Users\ts w10\git\xx\springboot\src\main\java\curso\springboot\model\Telefone.java
C:\Users\ts w10\git\xx\springboot\src\main\java\curso\springboot\security\webConfigSecurity.java
C:\Users\ts w10\git\xx\springboot\src\main\java\curso\springboot\controller\PessoaController.java
C:\Users\ts w10\git\xx\springboot\src\main\java\curso\springboot\model\Usuario.java
C:\Users\ts w10\git\xx\springboot\src\main\java\curso\springboot\repository\TelefoneRepository.java
C:\Users\ts w10\git\xx\springboot\src\main\java\curso\springboot\springboot\IndexController.java
C:\Users\ts w10\git\xx\springboot\src\main\java\curso\springboot\repository\ProfissaoRepository.java
C:\Users\ts w10\git\xx\springboot\src\main\java\curso\springboot\controller\ReportUtil.java
C:\Users\ts w10\git\xx\springboot\src\main\java\curso\springboot\springboot\SpringbootApplication.java
C:\Users\ts w10\git\xx\springboot\src\main\java\curso\springboot\repository\UsuarioRepository.java
C:\Users\ts w10\git\xx\springboot\src\main\java\curso\springboot\security\ImplementacaoUserDetailsService.java
C:\Users\ts w10\git\xx\springboot\src\main\java\curso\springboot\controller\loginController.java
